[dotenv@17.2.4] injecting env (15) from .env -- tip: ΓÜÖ∩╕Å  suppress all logs with { quiet: true }
[EMAIL-SERVICE] Initializing Mailjet API Client...
--- Mailjet API Test ---
Attempting to send test email to harshagrawal7274@gmail.com...
[EMAIL-SERVICE] Sending email via Mailjet API to: harshagrawal7274@gmail.com
node : [EMAIL-SERVICE] 
Mailjet API Error for h
arshagrawal7274@gmail.c
om: 401
At line:1 char:1
+ node src/utils/test-e
mail.js > 
test_output.txt 2>&1
+ ~~~~~~~~~~~~~~~~~~~~~
~~~~~~~~~~~~~~~~~~~~~~~
~~~~~~~
    + CategoryInfo     
         : NotSpecifi  
  ed: ([EMAIL-SERVIC   
 E]...@gmail.com: 4    
01:String) [], Rem    
oteException
    + FullyQualifiedEr 
   rorId : NativeComm  
  andError
 
[EMAIL-SERVICE] Error 
message: Unsuccessful: 
Status Code: "401" 
Message: "Your account 
has been temporarily 
blocked. Please 
contact our support 
team to get 
assistance."
Test Failed!
Check your 
MAILJET_API_KEY and 
MAILJET_API_SECRET in 
.env
Error: Unsuccessful: 
Status Code: "401" 
Message: "Your account 
has been temporarily 
blocked. Please 
contact our support 
team to get 
assistance."
